<?xml version="1.0" encoding="utf-8"?><testsuites><testsuite name="pytest" errors="0" failures="0" skipped="0" tests="0" time="0.658" timestamp="2025-09-18T09:24:22.311389" hostname="ip-172-31-46-152.eu-west-2.compute.internal" /></testsuites>
